
> webmind-frontend@1.0.0 build
> tsc && vite build

src/components/ChatWindow.tsx(2,42): error TS6133: 'HelpCircle' is declared but its value is never read.
src/components/IndexedPagesDrawer.tsx(4,10): error TS6133: 'IndexedPageInfo' is declared but its value is never read.
src/components/IngestionProgress.tsx(2,33): error TS6133: 'ShieldAlert' is declared but its value is never read.
src/components/KnowledgeBaseList.tsx(2,20): error TS6133: 'CheckCircle2' is declared but its value is never read.
src/components/KnowledgeBaseList.tsx(88,82): error TS2322: Type '{ className: string; title: string; }' is not assignable to type 'IntrinsicAttributes & LucideProps'.
  Property 'title' does not exist on type 'IntrinsicAttributes & LucideProps'.
src/components/KnowledgeBaseList.tsx(91,72): error TS2322: Type '{ className: string; title: string; }' is not assignable to type 'IntrinsicAttributes & LucideProps'.
  Property 'title' does not exist on type 'IntrinsicAttributes & LucideProps'.
src/components/LandingNavbar.tsx(3,10): error TS6133: 'Link' is declared but its value is never read.
src/components/Sidebar.tsx(2,37): error TS6133: 'AlertCircle' is declared but its value is never read.
src/hooks/useWorkspaceStore.ts(2,60): error TS6133: 'ChatMessage' is declared but its value is never read.
src/pages/ChatPage.tsx(8,23): error TS6133: 'ChatConversation' is declared but its value is never read.
